Info: Start Nativelink Simulation process

========= EDA Simulation Settings =====================

Sim Mode              :  Gate
Family                :  max10
Quartus root          :  d:/intelfgpa/quartus/bin64/
Quartus sim root      :  d:/intelfgpa/quartus/eda/sim_lib
Simulation Tool       :  modelsim-altera
Simulation Language   :  verilog
Simulation Mode       :  GUI
Sim Output File       :  half_adder.vo
Sim SDF file          :  half_adder__verilog.sdo
Sim dir               :  simulation\modelsim

=======================================================

Info: Starting NativeLink simulation with ModelSim-Altera software
Sourced NativeLink script d:/intelfgpa/quartus/common/tcl/internal/nativelink/modelsim.tcl
Warning: File half_adder_run_msim_gate_verilog.do already exists - backing up current file as half_adder_run_msim_gate_verilog.do.bak4
Probing transcript
ModelSim-Altera Info: # Reading D:/intelfgpa/modelsim_ase/tcl/vsim/pref.tcl
ModelSim-Altera Info: # do half_adder_run_msim_gate_verilog.do
ModelSim-Altera Info: # if {[file exists gate_work]} {
ModelSim-Altera Info: # 	vdel -lib gate_work -all
ModelSim-Altera Info: # }
ModelSim-Altera Info: # vlib gate_work
ModelSim-Altera Info: # vmap work gate_work
ModelSim-Altera Info: # Model Technology ModelSim - Intel FPGA Edition vmap 10.5b Lib Mapping Utility 2016.10 Oct  5 2016
ModelSim-Altera Info: # vmap work gate_work 
ModelSim-Altera Info: # Copying D:/intelfgpa/modelsim_ase/win32aloem/../modelsim.ini to modelsim.ini
ModelSim-Altera Info: # Modifying modelsim.ini
ModelSim-Altera Info: # 
ModelSim-Altera Info: # vlog -vlog01compat -work work +incdir+. {half_adder.vo}
ModelSim-Altera Info: # Model Technology ModelSim - Intel FPGA Edition vlog 10.5b Compiler 2016.10 Oct  5 2016
ModelSim-Altera Info: # Start time: 21:25:38 on Nov 05,2020
ModelSim-Altera Info: # vlog -reportprogress 300 -vlog01compat -work work "+incdir+." half_adder.vo 
ModelSim-Altera Info: # -- Compiling module half_adder
ModelSim-Altera Info: # -- Compiling module hard_block
ModelSim-Altera Info: # 
ModelSim-Altera Info: # Top level modules:
ModelSim-Altera Info: # 	half_adder
ModelSim-Altera Info: # End time: 21:25:38 on Nov 05,2020, Elapsed time: 0:00:00
ModelSim-Altera Info: # Errors: 0, Warnings: 0
ModelSim-Altera Info: # 
ModelSim-Altera Info: # vlog -vlog01compat -work work +incdir+C:/CA/week\ 10/ex1 {C:/CA/week 10/ex1/half_adder.v}
ModelSim-Altera Info: # Model Technology ModelSim - Intel FPGA Edition vlog 10.5b Compiler 2016.10 Oct  5 2016
ModelSim-Altera Info: # Start time: 21:25:38 on Nov 05,2020
ModelSim-Altera Info: # vlog -reportprogress 300 -vlog01compat -work work "+incdir+C:/CA/week 10/ex1" C:/CA/week 10/ex1/half_adder.v 
ModelSim-Altera Info: # -- Compiling module half_adder
ModelSim-Altera Info: # 
ModelSim-Altera Info: # Top level modules:
ModelSim-Altera Info: # 	half_adder
ModelSim-Altera Info: # End time: 21:25:38 on Nov 05,2020, Elapsed time: 0:00:00
ModelSim-Altera Info: # Errors: 0, Warnings: 0
ModelSim-Altera Info: # vlog -vlog01compat -work work +incdir+C:/CA/week\ 10/ex1 {C:/CA/week 10/ex1/testbench.v}
ModelSim-Altera Info: # Model Technology ModelSim - Intel FPGA Edition vlog 10.5b Compiler 2016.10 Oct  5 2016
ModelSim-Altera Info: # Start time: 21:25:38 on Nov 05,2020
ModelSim-Altera Info: # vlog -reportprogress 300 -vlog01compat -work work "+incdir+C:/CA/week 10/ex1" C:/CA/week 10/ex1/testbench.v 
ModelSim-Altera Info: # -- Compiling module testbench
ModelSim-Altera Info: # 
ModelSim-Altera Info: # Top level modules:
ModelSim-Altera Info: # 	testbench
ModelSim-Altera Info: # End time: 21:25:38 on Nov 05,2020, Elapsed time: 0:00:00
ModelSim-Altera Info: # Errors: 0, Warnings: 0
ModelSim-Altera Info: # 
ModelSim-Altera Info: # vsim -t 1ps +transport_int_delays +transport_path_delays -L altera_ver -L altera_lnsim_ver -L fiftyfivenm_ver -L gate_work -L work -voptargs="+acc"  testbench
ModelSim-Altera Info: # vsim -t 1ps "+transport_int_delays" "+transport_path_delays" -L altera_ver -L altera_lnsim_ver -L fiftyfivenm_ver -L gate_work -L work -voptargs=""+acc"" testbench 
ModelSim-Altera Info: # Start time: 21:25:38 on Nov 05,2020
ModelSim-Altera Info: # Loading work.testbench
ModelSim-Altera Info: # Loading work.half_adder
ModelSim-Altera Info: # 
ModelSim-Altera Info: # do C:/CA/week 10/ex1/Tcl_script.tcl
ModelSim-Altera Error: # ** Error: Cannot open macro file: C:/CA/week
ModelSim-Altera Info: # Error in macro ./half_adder_run_msim_gate_verilog.do line 15
ModelSim-Altera Info: # Cannot open macro file: C:/CA/week
ModelSim-Altera Info: #     while executing
ModelSim-Altera Info: # "do C:/CA/week 10/ex1/Tcl_script.tcl"
ModelSim-Altera Info: run -all
ModelSim-Altera Info: # a= 0 b = 1 sum = 1 carry = 0
ModelSim-Altera Info: # a= 1 b = 0 sum = 1 carry = 0
ModelSim-Altera Info: # a= 0 b = 0 sum = 0 carry = 0
ModelSim-Altera Info: # a= 1 b = 1 sum = 0 carry = 1
ModelSim-Altera Info: # End time: 21:26:32 on Nov 05,2020, Elapsed time: 0:00:54
ModelSim-Altera Info: # Errors: 3, Warnings: 0
Error: Errors encountered while running modelsim do file
Error: NativeLink simulation flow was NOT successful



================The following additional information is provided to help identify the cause of error while running nativelink scripts=================
Nativelink TCL script failed with errorCode:  1
Nativelink TCL script failed with errorInfo:  1
    (procedure "launch_sim" line 1)
    invoked from within
"launch_sim launch_args_hash"
    ("eval" body line 1)
    invoked from within
"eval launch_sim launch_args_hash"
    invoked from within
"if [ info exists ::errorCode ] {
                set savedCode $::errorCode
                set savedInfo $::errorInfo
                error $result $..."
    invoked from within
"if [catch {eval launch_sim launch_args_hash} result ] {
            set status 1
            if [ info exists ::errorCode ] {
                set save..."
    (procedure "run_sim" line 74)
    invoked from within
"run_sim run_sim_args_hash"
    invoked from within
"if [ info exists ::errorCode ] {
            set savedCode $::errorCode
            set savedInfo $::errorInfo
            error "$result" $savedInfo ..."
    (procedure "run_eda_simulation_tool" line 334)
    invoked from within
"run_eda_simulation_tool eda_opts_hash"
